--------------------------------------------------------------------------------
Release 14.4 Trace  (nt64)
Copyright (c) 1995-2012 Xilinx, Inc.  All rights reserved.

C:\Xilinx\14.4\ISE_DS\ISE\bin\nt64\unwrapped\trce.exe -intstyle ise -v 3 -s 3
-n 3 -fastpaths -xml System.twx System.ncd -o System.twr System.pcf -ucf
System.ucf

Design file:              System.ncd
Physical constraint file: System.pcf
Device,package,speed:     xc6slx16,csg324,C,-3 (PRODUCTION 1.23 2012-12-04)
Report level:             verbose report

Environment Variable      Effect 
--------------------      ------ 
NONE                      No environment variables were set
--------------------------------------------------------------------------------

INFO:Timing:2698 - No timing constraints found, doing default enumeration.
INFO:Timing:3412 - To improve timing, see the Timing Closure User Guide (UG612).
INFO:Timing:2752 - To get complete path coverage, use the unconstrained paths 
   option. All paths that are not constrained will be reported in the 
   unconstrained paths section(s) of the report.
INFO:Timing:3339 - The clock-to-out numbers in this timing report are based on 
   a 50 Ohm transmission line loading model.  For the details of this model, 
   and for more information on accounting for different loading conditions, 
   please see the device datasheet.



Data Sheet report:
-----------------
All values displayed in nanoseconds (ns)

Setup/Hold to clock clk
------------+------------+------------+------------+------------+------------------+--------+
            |Max Setup to|  Process   |Max Hold to |  Process   |                  | Clock  |
Source      | clk (edge) |   Corner   | clk (edge) |   Corner   |Internal Clock(s) | Phase  |
------------+------------+------------+------------+------------+------------------+--------+
NESinputData|    4.511(R)|      SLOW  |   -1.499(R)|      FAST  |clk_50M           |   0.000|
reset       |   29.712(R)|      SLOW  |   -3.492(R)|      FAST  |clk_50M           |   0.000|
------------+------------+------------+------------+------------+------------------+--------+

Clock clk to Pad
------------+-----------------+------------+-----------------+------------+------------------+--------+
            |Max (slowest) clk|  Process   |Min (fastest) clk|  Process   |                  | Clock  |
Destination |  (edge) to PAD  |   Corner   |  (edge) to PAD  |   Corner   |Internal Clock(s) | Phase  |
------------+-----------------+------------+-----------------+------------+------------------+--------+
latch       |        11.283(R)|      SLOW  |         5.695(R)|      FAST  |clk_50M           |   0.000|
leds<0>     |         5.766(R)|      SLOW  |         3.799(R)|      FAST  |clk_50M           |   0.000|
leds<1>     |         5.766(R)|      SLOW  |         3.799(R)|      FAST  |clk_50M           |   0.000|
leds<2>     |         5.784(R)|      SLOW  |         3.776(R)|      FAST  |clk_50M           |   0.000|
leds<3>     |         6.011(R)|      SLOW  |         3.918(R)|      FAST  |clk_50M           |   0.000|
leds<4>     |         5.717(R)|      SLOW  |         3.712(R)|      FAST  |clk_50M           |   0.000|
leds<5>     |         5.717(R)|      SLOW  |         3.712(R)|      FAST  |clk_50M           |   0.000|
leds<6>     |         5.737(R)|      SLOW  |         3.744(R)|      FAST  |clk_50M           |   0.000|
leds<7>     |         5.737(R)|      SLOW  |         3.744(R)|      FAST  |clk_50M           |   0.000|
pulse       |        12.751(R)|      SLOW  |         5.540(R)|      FAST  |clk_50M           |   0.000|
rgb<0>      |        26.927(R)|      SLOW  |         7.821(R)|      FAST  |clk_50M           |   0.000|
------------+-----------------+------------+-----------------+------------+------------------+--------+

Clock to Setup on destination clock clk
---------------+---------+---------+---------+---------+
               | Src:Rise| Src:Fall| Src:Rise| Src:Fall|
Source Clock   |Dest:Rise|Dest:Rise|Dest:Fall|Dest:Fall|
---------------+---------+---------+---------+---------+
clk            |   27.337|         |         |         |
---------------+---------+---------+---------+---------+


Analysis completed Thu Dec 04 20:04:22 2014 
--------------------------------------------------------------------------------

Trace Settings:
-------------------------
Trace Settings 

Peak Memory Usage: 301 MB



