--------------------------------------------------------------------------------
Release 14.4 Trace  (nt64)
Copyright (c) 1995-2012 Xilinx, Inc.  All rights reserved.

C:\Xilinx\14.4\ISE_DS\ISE\bin\nt64\unwrapped\trce.exe -intstyle ise -v 3 -s 3
-n 3 -fastpaths -xml System.twx System.ncd -o System.twr System.pcf -ucf
System.ucf

Design file:              System.ncd
Physical constraint file: System.pcf
Device,package,speed:     xc6slx16,csg324,C,-3 (PRODUCTION 1.23 2012-12-04)
Report level:             verbose report

Environment Variable      Effect 
--------------------      ------ 
NONE                      No environment variables were set
--------------------------------------------------------------------------------

INFO:Timing:2698 - No timing constraints found, doing default enumeration.
INFO:Timing:3412 - To improve timing, see the Timing Closure User Guide (UG612).
INFO:Timing:2752 - To get complete path coverage, use the unconstrained paths 
   option. All paths that are not constrained will be reported in the 
   unconstrained paths section(s) of the report.
INFO:Timing:3339 - The clock-to-out numbers in this timing report are based on 
   a 50 Ohm transmission line loading model.  For the details of this model, 
   and for more information on accounting for different loading conditions, 
   please see the device datasheet.



Data Sheet report:
-----------------
All values displayed in nanoseconds (ns)

Setup/Hold to clock clk
------------+------------+------------+------------+------------+------------------+--------+
            |Max Setup to|  Process   |Max Hold to |  Process   |                  | Clock  |
Source      | clk (edge) |   Corner   | clk (edge) |   Corner   |Internal Clock(s) | Phase  |
------------+------------+------------+------------+------------+------------------+--------+
NESinputData|    5.451(R)|      SLOW  |   -1.995(R)|      FAST  |clk_50M           |   0.000|
reset       |   28.839(R)|      SLOW  |   -3.035(R)|      FAST  |clk_50M           |   0.000|
------------+------------+------------+------------+------------+------------------+--------+

Clock clk to Pad
------------+-----------------+------------+-----------------+------------+------------------+--------+
            |Max (slowest) clk|  Process   |Min (fastest) clk|  Process   |                  | Clock  |
Destination |  (edge) to PAD  |   Corner   |  (edge) to PAD  |   Corner   |Internal Clock(s) | Phase  |
------------+-----------------+------------+-----------------+------------+------------------+--------+
latch       |         9.978(R)|      SLOW  |         5.409(R)|      FAST  |clk_50M           |   0.000|
leds<0>     |         6.775(R)|      SLOW  |         4.390(R)|      FAST  |clk_50M           |   0.000|
leds<1>     |         6.775(R)|      SLOW  |         4.390(R)|      FAST  |clk_50M           |   0.000|
leds<2>     |         6.558(R)|      SLOW  |         4.278(R)|      FAST  |clk_50M           |   0.000|
leds<3>     |         6.558(R)|      SLOW  |         4.278(R)|      FAST  |clk_50M           |   0.000|
leds<4>     |         6.626(R)|      SLOW  |         4.236(R)|      FAST  |clk_50M           |   0.000|
leds<5>     |         6.626(R)|      SLOW  |         4.236(R)|      FAST  |clk_50M           |   0.000|
leds<6>     |         6.645(R)|      SLOW  |         4.285(R)|      FAST  |clk_50M           |   0.000|
leds<7>     |         6.250(R)|      SLOW  |         4.041(R)|      FAST  |clk_50M           |   0.000|
pulse       |        13.656(R)|      SLOW  |         5.533(R)|      FAST  |clk_50M           |   0.000|
rgb<0>      |        23.557(R)|      SLOW  |         6.281(R)|      FAST  |clk_50M           |   0.000|
rgb<2>      |        23.470(R)|      SLOW  |         7.112(R)|      FAST  |clk_50M           |   0.000|
rgb<3>      |        22.622(R)|      SLOW  |         7.621(R)|      FAST  |clk_50M           |   0.000|
rgb<4>      |        24.828(R)|      SLOW  |         6.990(R)|      FAST  |clk_50M           |   0.000|
rgb<5>      |        17.657(R)|      SLOW  |         6.794(R)|      FAST  |clk_50M           |   0.000|
rgb<6>      |        20.722(R)|      SLOW  |         7.369(R)|      FAST  |clk_50M           |   0.000|
rgb<7>      |        20.938(R)|      SLOW  |         7.248(R)|      FAST  |clk_50M           |   0.000|
------------+-----------------+------------+-----------------+------------+------------------+--------+

Clock to Setup on destination clock clk
---------------+---------+---------+---------+---------+
               | Src:Rise| Src:Fall| Src:Rise| Src:Fall|
Source Clock   |Dest:Rise|Dest:Rise|Dest:Fall|Dest:Fall|
---------------+---------+---------+---------+---------+
clk            |   26.270|         |         |         |
---------------+---------+---------+---------+---------+


Analysis completed Fri Dec 05 19:39:21 2014 
--------------------------------------------------------------------------------

Trace Settings:
-------------------------
Trace Settings 

Peak Memory Usage: 308 MB



