--------------------------------------------------------------------------------
Release 14.7 Trace  (nt64)
Copyright (c) 1995-2013 Xilinx, Inc.  All rights reserved.

C:\Xilinx\14.7\ISE_DS\ISE\bin\nt64\unwrapped\trce.exe -intstyle ise -v 3 -s 3
-n 3 -fastpaths -xml System.twx System.ncd -o System.twr System.pcf -ucf
System.ucf

Design file:              System.ncd
Physical constraint file: System.pcf
Device,package,speed:     xc6slx16,csg324,C,-3 (PRODUCTION 1.23 2013-10-13)
Report level:             verbose report

Environment Variable      Effect 
--------------------      ------ 
NONE                      No environment variables were set
--------------------------------------------------------------------------------

INFO:Timing:2698 - No timing constraints found, doing default enumeration.
INFO:Timing:3412 - To improve timing, see the Timing Closure User Guide (UG612).
INFO:Timing:2752 - To get complete path coverage, use the unconstrained paths 
   option. All paths that are not constrained will be reported in the 
   unconstrained paths section(s) of the report.
INFO:Timing:3339 - The clock-to-out numbers in this timing report are based on 
   a 50 Ohm transmission line loading model.  For the details of this model, 
   and for more information on accounting for different loading conditions, 
   please see the device datasheet.



Data Sheet report:
-----------------
All values displayed in nanoseconds (ns)

Setup/Hold to clock clk
------------+------------+------------+------------+------------+------------------+--------+
            |Max Setup to|  Process   |Max Hold to |  Process   |                  | Clock  |
Source      | clk (edge) |   Corner   | clk (edge) |   Corner   |Internal Clock(s) | Phase  |
------------+------------+------------+------------+------------+------------------+--------+
reset       |   24.850(R)|      SLOW  |   -1.654(R)|      FAST  |clk_BUFGP         |   0.000|
------------+------------+------------+------------+------------+------------------+--------+

Clock clk to Pad
------------+-----------------+------------+-----------------+------------+------------------+--------+
            |Max (slowest) clk|  Process   |Min (fastest) clk|  Process   |                  | Clock  |
Destination |  (edge) to PAD  |   Corner   |  (edge) to PAD  |   Corner   |Internal Clock(s) | Phase  |
------------+-----------------+------------+-----------------+------------+------------------+--------+
latch       |        15.838(R)|      SLOW  |         8.589(R)|      FAST  |clk_BUFGP         |   0.000|
leds<0>     |         7.717(R)|      SLOW  |         4.324(R)|      FAST  |clk_BUFGP         |   0.000|
leds<1>     |         7.717(R)|      SLOW  |         4.324(R)|      FAST  |clk_BUFGP         |   0.000|
leds<2>     |         7.532(R)|      SLOW  |         4.218(R)|      FAST  |clk_BUFGP         |   0.000|
leds<3>     |         7.532(R)|      SLOW  |         4.218(R)|      FAST  |clk_BUFGP         |   0.000|
leds<4>     |         7.916(R)|      SLOW  |         4.399(R)|      FAST  |clk_BUFGP         |   0.000|
leds<5>     |         7.916(R)|      SLOW  |         4.399(R)|      FAST  |clk_BUFGP         |   0.000|
leds<6>     |         7.527(R)|      SLOW  |         4.198(R)|      FAST  |clk_BUFGP         |   0.000|
leds<7>     |         7.527(R)|      SLOW  |         4.198(R)|      FAST  |clk_BUFGP         |   0.000|
pulse       |        17.482(R)|      SLOW  |         8.666(R)|      FAST  |clk_BUFGP         |   0.000|
rgb<0>      |        20.899(R)|      SLOW  |         6.678(R)|      FAST  |clk_BUFGP         |   0.000|
rgb<1>      |        22.725(R)|      SLOW  |         7.033(R)|      FAST  |clk_BUFGP         |   0.000|
rgb<4>      |        19.377(R)|      SLOW  |         7.172(R)|      FAST  |clk_BUFGP         |   0.000|
rgb<5>      |        19.738(R)|      SLOW  |         8.463(R)|      FAST  |clk_BUFGP         |   0.000|
rgb<7>      |        19.538(R)|      SLOW  |         8.393(R)|      FAST  |clk_BUFGP         |   0.000|
------------+-----------------+------------+-----------------+------------+------------------+--------+

Clock to Setup on destination clock clk
---------------+---------+---------+---------+---------+
               | Src:Rise| Src:Fall| Src:Rise| Src:Fall|
Source Clock   |Dest:Rise|Dest:Rise|Dest:Fall|Dest:Fall|
---------------+---------+---------+---------+---------+
clk            |   21.613|         |         |         |
---------------+---------+---------+---------+---------+


Analysis completed Thu Nov 20 19:26:39 2014 
--------------------------------------------------------------------------------

Trace Settings:
-------------------------
Trace Settings 

Peak Memory Usage: 295 MB



